[DENETİM] Burdur - Jeolojik Yapı ve İç Kuvvetler eksik veya hatalı, üretiliyor... (1. eksik)
[DENETİM] Bursa - Jeolojik Yapı ve İç Kuvvetler eksik veya hatalı, üretiliyor... (2. eksik)
[DENETİM] Çanakkale - Jeolojik Yapı ve İç Kuvvetler eksik veya hatalı, üretiliyor... (3. eksik)
[DENETİM] Çankırı - Jeolojik Yapı ve İç Kuvvetler eksik veya hatalı, üretiliyor... (4. eksik)
[DENETİM] Çorum - Jeolojik Yapı ve İç Kuvvetler eksik veya hatalı, üretiliyor... (5. eksik)
[DENETİM] Denizli - Jeolojik Yapı ve İç Kuvvetler eksik veya hatalı, üretiliyor... (6. eksik)
[DENETİM] Diyarbakır - Jeolojik Yapı ve İç Kuvvetler eksik veya hatalı, üretiliyor... (7. eksik)
[DENETİM] Edirne - Jeolojik Yapı ve İç Kuvvetler eksik veya hatalı, üretiliyor... (8. eksik)
[DENETİM] Elazığ - Jeolojik Yapı ve İç Kuvvetler eksik veya hatalı, üretiliyor... (9. eksik)
[DENETİM] Erzincan - Jeolojik Yapı ve İç Kuvvetler eksik veya hatalı, üretiliyor... (10. eksik)
[DENETİM] Erzurum - Jeolojik Yapı ve İç Kuvvetler eksik veya hatalı, üretiliyor... (11. eksik)
[DENETİM] Eskişehir - Jeolojik Yapı ve İç Kuvvetler eksik veya hatalı, üretiliyor... (12. eksik)
[DENETİM] Gaziantep - Jeolojik Yapı ve İç Kuvvetler eksik veya hatalı, üretiliyor... (13. eksik)
[DENETİM] Giresun - Jeolojik Yapı ve İç Kuvvetler eksik veya hatalı, üretiliyor... (14. eksik)
[DENETİM] Gümüşhane - Jeolojik Yapı ve İç Kuvvetler eksik veya hatalı, üretiliyor... (15. eksik)
[DENETİM] Hakkari - Jeolojik Yapı ve İç Kuvvetler eksik veya hatalı, üretiliyor... (16. eksik)
[DENETİM] Hatay - Jeolojik Yapı ve İç Kuvvetler eksik veya hatalı, üretiliyor... (17. eksik)
[DENETİM] Isparta - Jeolojik Yapı ve İç Kuvvetler eksik veya hatalı, üretiliyor... (18. eksik)
[DENETİM] Mersin - Jeolojik Yapı ve İç Kuvvetler eksik veya hatalı, üretiliyor... (19. eksik)
[DENETİM] İstanbul - Jeolojik Yapı ve İç Kuvvetler eksik veya hatalı, üretiliyor... (20. eksik)
[DENETİM] İzmir - Jeolojik Yapı ve İç Kuvvetler eksik veya hatalı, üretiliyor... (21. eksik)
[DENETİM] Kars - Jeolojik Yapı ve İç Kuvvetler eksik veya hatalı, üretiliyor... (22. eksik)
[DENETİM] Kastamonu - Jeolojik Yapı ve İç Kuvvetler eksik veya hatalı, üretiliyor... (23. eksik)
[DENETİM] Kayseri - Jeolojik Yapı ve İç Kuvvetler eksik veya hatalı, üretiliyor... (24. eksik)
[DENETİM] Kırklareli - Jeolojik Yapı ve İç Kuvvetler eksik veya hatalı, üretiliyor... (25. eksik)

🔄 Kota doldu, 2. anahtara geçiliyor...

⚠️ Hata alındı ([GoogleGenerativeAI Error]: Error fetching from ht...), yeni anahtarla tekrar deneniyor...
[DENETİM] Kırşehir - Jeolojik Yapı ve İç Kuvvetler eksik veya hatalı, üretiliyor... (26. eksik)
[DENETİM] Kocaeli - Jeolojik Yapı ve İç Kuvvetler eksik veya hatalı, üretiliyor... (27. eksik)
[DENETİM] Konya - Jeolojik Yapı ve İç Kuvvetler eksik veya hatalı, üretiliyor... (28. eksik)
[DENETİM] Kütahya - Jeolojik Yapı ve İç Kuvvetler eksik veya hatalı, üretiliyor... (29. eksik)
[DENETİM] Malatya - Jeolojik Yapı ve İç Kuvvetler eksik veya hatalı, üretiliyor... (30. eksik)
[DENETİM] Manisa - Jeolojik Yapı ve İç Kuvvetler eksik veya hatalı, üretiliyor... (31. eksik)
[DENETİM] Kahramanmaraş - Jeolojik Yapı ve İç Kuvvetler eksik veya hatalı, üretiliyor... (32. eksik)
[DENETİM] Mardin - Jeolojik Yapı ve İç Kuvvetler eksik veya hatalı, üretiliyor... (33. eksik)
[DENETİM] Muğla - Jeolojik Yapı ve İç Kuvvetler eksik veya hatalı, üretiliyor... (34. eksik)
[DENETİM] Muş - Jeolojik Yapı ve İç Kuvvetler eksik veya hatalı, üretiliyor... (35. eksik)
[DENETİM] Nevşehir - Jeolojik Yapı ve İç Kuvvetler eksik veya hatalı, üretiliyor... (36. eksik)
[DENETİM] Niğde - Jeolojik Yapı ve İç Kuvvetler eksik veya hatalı, üretiliyor... (37. eksik)
[DENETİM] Ordu - Jeolojik Yapı ve İç Kuvvetler eksik veya hatalı, üretiliyor... (38. eksik)
[DENETİM] Rize - Jeolojik Yapı ve İç Kuvvetler eksik veya hatalı, üretiliyor... (39. eksik)
[DENETİM] Sakarya - Jeolojik Yapı ve İç Kuvvetler eksik veya hatalı, üretiliyor... (40. eksik)
[DENETİM] Samsun - Jeolojik Yapı ve İç Kuvvetler eksik veya hatalı, üretiliyor... (41. eksik)

🔄 Kota doldu, 3. anahtara geçiliyor...

⚠️ Hata alındı ([GoogleGenerativeAI Error]: Error fetching from ht...), yeni anahtarla tekrar deneniyor...
[DENETİM] Siirt - Jeolojik Yapı ve İç Kuvvetler eksik veya hatalı, üretiliyor... (42. eksik)
[DENETİM] Sinop - Jeolojik Yapı ve İç Kuvvetler eksik veya hatalı, üretiliyor... (43. eksik)
[DENETİM] Sivas - Jeolojik Yapı ve İç Kuvvetler eksik veya hatalı, üretiliyor... (44. eksik)

🚫 Tüm anahtarların kotası dolmuş olabilir. 60 saniye bekleniyor...

🔄 Kota doldu, 1. anahtara geçiliyor...
[DENETİM] Tekirdağ - Jeolojik Yapı ve İç Kuvvetler eksik veya hatalı, üretiliyor... (45. eksik)
[DENETİM] Tokat - Jeolojik Yapı ve İç Kuvvetler eksik veya hatalı, üretiliyor... (46. eksik)

🔄 Kota doldu, 2. anahtara geçiliyor...

⚠️ Hata alındı ([GoogleGenerativeAI Error]: Error fetching from ht...), yeni anahtarla tekrar deneniyor...
[DENETİM] Trabzon - Jeolojik Yapı ve İç Kuvvetler eksik veya hatalı, üretiliyor... (47. eksik)
[DENETİM] Tunceli - Jeolojik Yapı ve İç Kuvvetler eksik veya hatalı, üretiliyor... (48. eksik)
[DENETİM] Şanlıurfa - Jeolojik Yapı ve İç Kuvvetler eksik veya hatalı, üretiliyor... (49. eksik)
[DENETİM] Uşak - Jeolojik Yapı ve İç Kuvvetler eksik veya hatalı, üretiliyor... (50. eksik)
[DENETİM] Van - Jeolojik Yapı ve İç Kuvvetler eksik veya hatalı, üretiliyor... (51. eksik)
[DENETİM] Yozgat - Jeolojik Yapı ve İç Kuvvetler eksik veya hatalı, üretiliyor... (52. eksik)

🔄 Kota doldu, 3. anahtara geçiliyor...

⚠️ Hata alındı ([GoogleGenerativeAI Error]: Error fetching from ht...), yeni anahtarla tekrar deneniyor...
[DENETİM] Zonguldak - Jeolojik Yapı ve İç Kuvvetler eksik veya hatalı, üretiliyor... (53. eksik)
[DENETİM] Aksaray - Jeolojik Yapı ve İç Kuvvetler eksik veya hatalı, üretiliyor... (54. eksik)
[DENETİM] Bayburt - Jeolojik Yapı ve İç Kuvvetler eksik veya hatalı, üretiliyor... (55. eksik)
[DENETİM] Karaman - Jeolojik Yapı ve İç Kuvvetler eksik veya hatalı, üretiliyor... (56. eksik)
[DENETİM] Kırıkkale - Jeolojik Yapı ve İç Kuvvetler eksik veya hatalı, üretiliyor... (57. eksik)
[DENETİM] Batman - Jeolojik Yapı ve İç Kuvvetler eksik veya hatalı, üretiliyor... (58. eksik)
[DENETİM] Şırnak - Jeolojik Yapı ve İç Kuvvetler eksik veya hatalı, üretiliyor... (59. eksik)

🚫 Tüm anahtarların kotası dolmuş olabilir. 60 saniye bekleniyor...

🔄 Kota doldu, 1. anahtara geçiliyor...
[DENETİM] Bartın - Jeolojik Yapı ve İç Kuvvetler eksik veya hatalı, üretiliyor... (60. eksik)
[DENETİM] Ardahan - Jeolojik Yapı ve İç Kuvvetler eksik veya hatalı, üretiliyor... (61. eksik)
[DENETİM] Iğdır - Jeolojik Yapı ve İç Kuvvetler eksik veya hatalı, üretiliyor... (62. eksik)
[DENETİM] Yalova - Jeolojik Yapı ve İç Kuvvetler eksik veya hatalı, üretiliyor... (63. eksik)
[DENETİM] Karabük - Jeolojik Yapı ve İç Kuvvetler eksik veya hatalı, üretiliyor... (64. eksik)
[DENETİM] Kilis - Jeolojik Yapı ve İç Kuvvetler eksik veya hatalı, üretiliyor... (65. eksik)

🔄 Kota doldu, 2. anahtara geçiliyor...

⚠️ Hata alındı ([GoogleGenerativeAI Error]: Error fetching from ht...), yeni anahtarla tekrar deneniyor...
[DENETİM] Osmaniye - Jeolojik Yapı ve İç Kuvvetler eksik veya hatalı, üretiliyor... (66. eksik)
[DENETİM] Düzce - Jeolojik Yapı ve İç Kuvvetler eksik veya hatalı, üretiliyor... (67. eksik)

🔄 "Jeolojik Yapı ve İç Kuvvetler" için 67 il işlendi. Son bir kontrol yapılıyor...


✅ TEBRİKLER! "Jeolojik Yapı ve İç Kuvvetler" konusu için 81 ilin tamamı başarıyla doğrulandı. Bir sonraki konuya geçiliyor...

[DENETİM] Düzce - Bölge Kavramı ve Jeopolitik eksik veya hatalı, üretiliyor... (1. eksik)

🔄 "Bölge Kavramı ve Jeopolitik" için 1 il işlendi. Son bir kontrol yapılıyor...


✅ TEBRİKLER! "Bölge Kavramı ve Jeopolitik" konusu için 81 ilin tamamı başarıyla doğrulandı. Bir sonraki konuya geçiliyor...

[DENETİM] Adana - Bölgesel Kalkınma Projeleri eksik veya hatalı, üretiliyor... (1. eksik)
[DENETİM] Adıyaman - Bölgesel Kalkınma Projeleri eksik veya hatalı, üretiliyor... (2. eksik)

🔄 Kota doldu, 3. anahtara geçiliyor...

⚠️ Hata alındı ([GoogleGenerativeAI Error]: Error fetching from ht...), yeni anahtarla tekrar deneniyor...

🚫 Tüm anahtarların kotası dolmuş olabilir. 60 saniye bekleniyor...

🔄 Kota doldu, 1. anahtara geçiliyor...

🔄 Kota doldu, 2. anahtara geçiliyor...

⚠️ Hata alındı ([GoogleGenerativeAI Error]: Error fetching from ht...), yeni anahtarla tekrar deneniyor...
[DENETİM] Afyonkarahisar - Bölgesel Kalkınma Projeleri eksik veya hatalı, üretiliyor... (3. eksik)
[DENETİM] Ağrı - Bölgesel Kalkınma Projeleri eksik veya hatalı, üretiliyor... (4. eksik)
[DENETİM] Amasya - Bölgesel Kalkınma Projeleri eksik veya hatalı, üretiliyor... (5. eksik)
[DENETİM] Ankara - Bölgesel Kalkınma Projeleri eksik veya hatalı, üretiliyor... (6. eksik)
[DENETİM] Antalya - Bölgesel Kalkınma Projeleri eksik veya hatalı, üretiliyor... (7. eksik)
[DENETİM] Artvin - Bölgesel Kalkınma Projeleri eksik veya hatalı, üretiliyor... (8. eksik)
[DENETİM] Aydın - Bölgesel Kalkınma Projeleri eksik veya hatalı, üretiliyor... (9. eksik)
[DENETİM] Balıkesir - Bölgesel Kalkınma Projeleri eksik veya hatalı, üretiliyor... (10. eksik)

🔄 Kota doldu, 3. anahtara geçiliyor...

⚠️ Hata alındı ([GoogleGenerativeAI Error]: Error fetching from ht...), yeni anahtarla tekrar deneniyor...

🚫 Tüm anahtarların kotası dolmuş olabilir. 60 saniye bekleniyor...

🔄 Kota doldu, 1. anahtara geçiliyor...
[DENETİM] Bilecik - Bölgesel Kalkınma Projeleri eksik veya hatalı, üretiliyor... (11. eksik)
[DENETİM] Bingöl - Bölgesel Kalkınma Projeleri eksik veya hatalı, üretiliyor... (12. eksik)
[DENETİM] Bitlis - Bölgesel Kalkınma Projeleri eksik veya hatalı, üretiliyor... (13. eksik)
[DENETİM] Bolu - Bölgesel Kalkınma Projeleri eksik veya hatalı, üretiliyor... (14. eksik)
[DENETİM] Burdur - Bölgesel Kalkınma Projeleri eksik veya hatalı, üretiliyor... (15. eksik)
[DENETİM] Bursa - Bölgesel Kalkınma Projeleri eksik veya hatalı, üretiliyor... (16. eksik)
[DENETİM] Çanakkale - Bölgesel Kalkınma Projeleri eksik veya hatalı, üretiliyor... (17. eksik)
[DENETİM] Çankırı - Bölgesel Kalkınma Projeleri eksik veya hatalı, üretiliyor... (18. eksik)
[DENETİM] Çorum - Bölgesel Kalkınma Projeleri eksik veya hatalı, üretiliyor... (19. eksik)
[DENETİM] Denizli - Bölgesel Kalkınma Projeleri eksik veya hatalı, üretiliyor... (20. eksik)
[DENETİM] Diyarbakır - Bölgesel Kalkınma Projeleri eksik veya hatalı, üretiliyor... (21. eksik)
[DENETİM] Edirne - Bölgesel Kalkınma Projeleri eksik veya hatalı, üretiliyor... (22. eksik)
[DENETİM] Elazığ - Bölgesel Kalkınma Projeleri eksik veya hatalı, üretiliyor... (23. eksik)
[DENETİM] Erzincan - Bölgesel Kalkınma Projeleri eksik veya hatalı, üretiliyor... (24. eksik)
[DENETİM] Erzurum - Bölgesel Kalkınma Projeleri eksik veya hatalı, üretiliyor... (25. eksik)
[DENETİM] Eskişehir - Bölgesel Kalkınma Projeleri eksik veya hatalı, üretiliyor... (26. eksik)
[DENETİM] Gaziantep - Bölgesel Kalkınma Projeleri eksik veya hatalı, üretiliyor... (27. eksik)
[DENETİM] Giresun - Bölgesel Kalkınma Projeleri eksik veya hatalı, üretiliyor... (28. eksik)
[DENETİM] Gümüşhane - Bölgesel Kalkınma Projeleri eksik veya hatalı, üretiliyor... (29. eksik)
[DENETİM] Hakkari - Bölgesel Kalkınma Projeleri eksik veya hatalı, üretiliyor... (30. eksik)

🔄 Kota doldu, 2. anahtara geçiliyor...

⚠️ Hata alındı ([GoogleGenerativeAI Error]: Error fetching from ht...), yeni anahtarla tekrar deneniyor...
[DENETİM] Hatay - Bölgesel Kalkınma Projeleri eksik veya hatalı, üretiliyor... (31. eksik)
[DENETİM] Isparta - Bölgesel Kalkınma Projeleri eksik veya hatalı, üretiliyor... (32. eksik)

🔄 Kota doldu, 3. anahtara geçiliyor...

⚠️ Hata alındı ([GoogleGenerativeAI Error]: Error fetching from ht...), yeni anahtarla tekrar deneniyor...
[DENETİM] Mersin - Bölgesel Kalkınma Projeleri eksik veya hatalı, üretiliyor... (33. eksik)
[DENETİM] İstanbul - Bölgesel Kalkınma Projeleri eksik veya hatalı, üretiliyor... (34. eksik)
[DENETİM] İzmir - Bölgesel Kalkınma Projeleri eksik veya hatalı, üretiliyor... (35. eksik)
[DENETİM] Kars - Bölgesel Kalkınma Projeleri eksik veya hatalı, üretiliyor... (36. eksik)
[DENETİM] Kastamonu - Bölgesel Kalkınma Projeleri eksik veya hatalı, üretiliyor... (37. eksik)
[DENETİM] Kayseri - Bölgesel Kalkınma Projeleri eksik veya hatalı, üretiliyor... (38. eksik)
[DENETİM] Kırklareli - Bölgesel Kalkınma Projeleri eksik veya hatalı, üretiliyor... (39. eksik)
[DENETİM] Kırşehir - Bölgesel Kalkınma Projeleri eksik veya hatalı, üretiliyor... (40. eksik)
[DENETİM] Kocaeli - Bölgesel Kalkınma Projeleri eksik veya hatalı, üretiliyor... (41. eksik)
[DENETİM] Konya - Bölgesel Kalkınma Projeleri eksik veya hatalı, üretiliyor... (42. eksik)
[DENETİM] Kütahya - Bölgesel Kalkınma Projeleri eksik veya hatalı, üretiliyor... (43. eksik)
[DENETİM] Malatya - Bölgesel Kalkınma Projeleri eksik veya hatalı, üretiliyor... (44. eksik)
[DENETİM] Manisa - Bölgesel Kalkınma Projeleri eksik veya hatalı, üretiliyor... (45. eksik)
[DENETİM] Kahramanmaraş - Bölgesel Kalkınma Projeleri eksik veya hatalı, üretiliyor... (46. eksik)
[DENETİM] Mardin - Bölgesel Kalkınma Projeleri eksik veya hatalı, üretiliyor... (47. eksik)
[DENETİM] Muğla - Bölgesel Kalkınma Projeleri eksik veya hatalı, üretiliyor... (48. eksik)
[DENETİM] Muş - Bölgesel Kalkınma Projeleri eksik veya hatalı, üretiliyor... (49. eksik)
[DENETİM] Nevşehir - Bölgesel Kalkınma Projeleri eksik veya hatalı, üretiliyor... (50. eksik)
[DENETİM] Niğde - Bölgesel Kalkınma Projeleri eksik veya hatalı, üretiliyor... (51. eksik)
[DENETİM] Ordu - Bölgesel Kalkınma Projeleri eksik veya hatalı, üretiliyor... (52. eksik)
[DENETİM] Rize - Bölgesel Kalkınma Projeleri eksik veya hatalı, üretiliyor... (53. eksik)
[DENETİM] Sakarya - Bölgesel Kalkınma Projeleri eksik veya hatalı, üretiliyor... (54. eksik)
[DENETİM] Samsun - Bölgesel Kalkınma Projeleri eksik veya hatalı, üretiliyor... (55. eksik)
[DENETİM] Siirt - Bölgesel Kalkınma Projeleri eksik veya hatalı, üretiliyor... (56. eksik)
[DENETİM] Sinop - Bölgesel Kalkınma Projeleri eksik veya hatalı, üretiliyor... (57. eksik)

🚫 Tüm anahtarların kotası dolmuş olabilir. 60 saniye bekleniyor...

🔄 Kota doldu, 1. anahtara geçiliyor...
[DENETİM] Sivas - Bölgesel Kalkınma Projeleri eksik veya hatalı, üretiliyor... (58. eksik)
[DENETİM] Tekirdağ - Bölgesel Kalkınma Projeleri eksik veya hatalı, üretiliyor... (59. eksik)
[DENETİM] Tokat - Bölgesel Kalkınma Projeleri eksik veya hatalı, üretiliyor... (60. eksik)
[DENETİM] Trabzon - Bölgesel Kalkınma Projeleri eksik veya hatalı, üretiliyor... (61. eksik)
[DENETİM] Tunceli - Bölgesel Kalkınma Projeleri eksik veya hatalı, üretiliyor... (62. eksik)
[DENETİM] Şanlıurfa - Bölgesel Kalkınma Projeleri eksik veya hatalı, üretiliyor... (63. eksik)
[DENETİM] Uşak - Bölgesel Kalkınma Projeleri eksik veya hatalı, üretiliyor... (64. eksik)
[DENETİM] Van - Bölgesel Kalkınma Projeleri eksik veya hatalı, üretiliyor... (65. eksik)
[DENETİM] Yozgat - Bölgesel Kalkınma Projeleri eksik veya hatalı, üretiliyor... (66. eksik)
[DENETİM] Zonguldak - Bölgesel Kalkınma Projeleri eksik veya hatalı, üretiliyor... (67. eksik)
[DENETİM] Aksaray - Bölgesel Kalkınma Projeleri eksik veya hatalı, üretiliyor... (68. eksik)
[DENETİM] Bayburt - Bölgesel Kalkınma Projeleri eksik veya hatalı, üretiliyor... (69. eksik)
[DENETİM] Karaman - Bölgesel Kalkınma Projeleri eksik veya hatalı, üretiliyor... (70. eksik)
[DENETİM] Kırıkkale - Bölgesel Kalkınma Projeleri eksik veya hatalı, üretiliyor... (71. eksik)
[DENETİM] Batman - Bölgesel Kalkınma Projeleri eksik veya hatalı, üretiliyor... (72. eksik)
[DENETİM] Şırnak - Bölgesel Kalkınma Projeleri eksik veya hatalı, üretiliyor... (73. eksik)
[DENETİM] Bartın - Bölgesel Kalkınma Projeleri eksik veya hatalı, üretiliyor... (74. eksik)
[DENETİM] Ardahan - Bölgesel Kalkınma Projeleri eksik veya hatalı, üretiliyor... (75. eksik)
[DENETİM] Iğdır - Bölgesel Kalkınma Projeleri eksik veya hatalı, üretiliyor... (76. eksik)
[DENETİM] Yalova - Bölgesel Kalkınma Projeleri eksik veya hatalı, üretiliyor... (77. eksik)

🔄 Kota doldu, 2. anahtara geçiliyor...

⚠️ Hata alındı ([GoogleGenerativeAI Error]: Error fetching from ht...), yeni anahtarla tekrar deneniyor...
[DENETİM] Karabük - Bölgesel Kalkınma Projeleri eksik veya hatalı, üretiliyor... (78. eksik)
[DENETİM] Kilis - Bölgesel Kalkınma Projeleri eksik veya hatalı, üretiliyor... (79. eksik)
[DENETİM] Osmaniye - Bölgesel Kalkınma Projeleri eksik veya hatalı, üretiliyor... (80. eksik)
[DENETİM] Düzce - Bölgesel Kalkınma Projeleri eksik veya hatalı, üretiliyor... (81. eksik)

🔄 Kota doldu, 3. anahtara geçiliyor...

⚠️ Hata alındı ([GoogleGenerativeAI Error]: Error fetching from ht...), yeni anahtarla tekrar deneniyor...

🔄 "Bölgesel Kalkınma Projeleri" için 81 il işlendi. Son bir kontrol yapılıyor...


✅ TEBRİKLER! "Bölgesel Kalkınma Projeleri" konusu için 81 ilin tamamı başarıyla doğrulandı. Bir sonraki konuya geçiliyor...

[DENETİM] Adana - Akarsular eksik veya hatalı, üretiliyor... (1. eksik)
[DENETİM] Adıyaman - Akarsular eksik veya hatalı, üretiliyor... (2. eksik)
[DENETİM] Afyonkarahisar - Akarsular eksik veya hatalı, üretiliyor... (3. eksik)
[DENETİM] Ağrı - Akarsular eksik veya hatalı, üretiliyor... (4. eksik)
[DENETİM] Amasya - Akarsular eksik veya hatalı, üretiliyor... (5. eksik)
[DENETİM] Ankara - Akarsular eksik veya hatalı, üretiliyor... (6. eksik)
[DENETİM] Antalya - Akarsular eksik veya hatalı, üretiliyor... (7. eksik)
[DENETİM] Artvin - Akarsular eksik veya hatalı, üretiliyor... (8. eksik)
[DENETİM] Aydın - Akarsular eksik veya hatalı, üretiliyor... (9. eksik)
[DENETİM] Balıkesir - Akarsular eksik veya hatalı, üretiliyor... (10. eksik)
[DENETİM] Bilecik - Akarsular eksik veya hatalı, üretiliyor... (11. eksik)
[DENETİM] Bingöl - Akarsular eksik veya hatalı, üretiliyor... (12. eksik)
[DENETİM] Bitlis - Akarsular eksik veya hatalı, üretiliyor... (13. eksik)
[DENETİM] Bolu - Akarsular eksik veya hatalı, üretiliyor... (14. eksik)
[DENETİM] Burdur - Akarsular eksik veya hatalı, üretiliyor... (15. eksik)
[DENETİM] Bursa - Akarsular eksik veya hatalı, üretiliyor... (16. eksik)
[DENETİM] Çanakkale - Akarsular eksik veya hatalı, üretiliyor... (17. eksik)
[DENETİM] Çankırı - Akarsular eksik veya hatalı, üretiliyor... (18. eksik)
[DENETİM] Çorum - Akarsular eksik veya hatalı, üretiliyor... (19. eksik)

🚫 Tüm anahtarların kotası dolmuş olabilir. 60 saniye bekleniyor...

🔄 Kota doldu, 1. anahtara geçiliyor...
[DENETİM] Denizli - Akarsular eksik veya hatalı, üretiliyor... (20. eksik)
[DENETİM] Diyarbakır - Akarsular eksik veya hatalı, üretiliyor... (21. eksik)
[DENETİM] Edirne - Akarsular eksik veya hatalı, üretiliyor... (22. eksik)
[DENETİM] Elazığ - Akarsular eksik veya hatalı, üretiliyor... (23. eksik)
[DENETİM] Erzincan - Akarsular eksik veya hatalı, üretiliyor... (24. eksik)
[DENETİM] Erzurum - Akarsular eksik veya hatalı, üretiliyor... (25. eksik)
[DENETİM] Eskişehir - Akarsular eksik veya hatalı, üretiliyor... (26. eksik)
[DENETİM] Gaziantep - Akarsular eksik veya hatalı, üretiliyor... (27. eksik)
[DENETİM] Giresun - Akarsular eksik veya hatalı, üretiliyor... (28. eksik)
[DENETİM] Gümüşhane - Akarsular eksik veya hatalı, üretiliyor... (29. eksik)
[DENETİM] Hakkari - Akarsular eksik veya hatalı, üretiliyor... (30. eksik)
[DENETİM] Hatay - Akarsular eksik veya hatalı, üretiliyor... (31. eksik)
[DENETİM] Isparta - Akarsular eksik veya hatalı, üretiliyor... (32. eksik)
[DENETİM] Mersin - Akarsular eksik veya hatalı, üretiliyor... (33. eksik)
[DENETİM] İstanbul - Akarsular eksik veya hatalı, üretiliyor... (34. eksik)
[DENETİM] İzmir - Akarsular eksik veya hatalı, üretiliyor... (35. eksik)
[DENETİM] Kars - Akarsular eksik veya hatalı, üretiliyor... (36. eksik)

🔄 Kota doldu, 2. anahtara geçiliyor...

⚠️ Hata alındı ([GoogleGenerativeAI Error]: Error fetching from ht...), yeni anahtarla tekrar deneniyor...
[DENETİM] Kastamonu - Akarsular eksik veya hatalı, üretiliyor... (37. eksik)
[DENETİM] Kayseri - Akarsular eksik veya hatalı, üretiliyor... (38. eksik)
[DENETİM] Kırklareli - Akarsular eksik veya hatalı, üretiliyor... (39. eksik)
[DENETİM] Kırşehir - Akarsular eksik veya hatalı, üretiliyor... (40. eksik)
[DENETİM] Kocaeli - Akarsular eksik veya hatalı, üretiliyor... (41. eksik)
[DENETİM] Konya - Akarsular eksik veya hatalı, üretiliyor... (42. eksik)

🔄 Kota doldu, 3. anahtara geçiliyor...

⚠️ Hata alındı ([GoogleGenerativeAI Error]: Error fetching from ht...), yeni anahtarla tekrar deneniyor...
[DENETİM] Kütahya - Akarsular eksik veya hatalı, üretiliyor... (43. eksik)
[DENETİM] Malatya - Akarsular eksik veya hatalı, üretiliyor... (44. eksik)
[DENETİM] Manisa - Akarsular eksik veya hatalı, üretiliyor... (45. eksik)
[DENETİM] Kahramanmaraş - Akarsular eksik veya hatalı, üretiliyor... (46. eksik)
[DENETİM] Mardin - Akarsular eksik veya hatalı, üretiliyor... (47. eksik)
[DENETİM] Muğla - Akarsular eksik veya hatalı, üretiliyor... (48. eksik)
[DENETİM] Muş - Akarsular eksik veya hatalı, üretiliyor... (49. eksik)
[DENETİM] Nevşehir - Akarsular eksik veya hatalı, üretiliyor... (50. eksik)

🚫 Tüm anahtarların kotası dolmuş olabilir. 60 saniye bekleniyor...

🔄 Kota doldu, 1. anahtara geçiliyor...
[DENETİM] Niğde - Akarsular eksik veya hatalı, üretiliyor... (51. eksik)

🔄 Kota doldu, 2. anahtara geçiliyor...

⚠️ Hata alındı ([GoogleGenerativeAI Error]: Error fetching from ht...), yeni anahtarla tekrar deneniyor...
[DENETİM] Ordu - Akarsular eksik veya hatalı, üretiliyor... (52. eksik)
[DENETİM] Rize - Akarsular eksik veya hatalı, üretiliyor... (53. eksik)
[DENETİM] Sakarya - Akarsular eksik veya hatalı, üretiliyor... (54. eksik)
[DENETİM] Samsun - Akarsular eksik veya hatalı, üretiliyor... (55. eksik)
[DENETİM] Siirt - Akarsular eksik veya hatalı, üretiliyor... (56. eksik)
[DENETİM] Sinop - Akarsular eksik veya hatalı, üretiliyor... (57. eksik)
[DENETİM] Sivas - Akarsular eksik veya hatalı, üretiliyor... (58. eksik)
[DENETİM] Tekirdağ - Akarsular eksik veya hatalı, üretiliyor... (59. eksik)
[DENETİM] Tokat - Akarsular eksik veya hatalı, üretiliyor... (60. eksik)
[DENETİM] Trabzon - Akarsular eksik veya hatalı, üretiliyor... (61. eksik)
[DENETİM] Tunceli - Akarsular eksik veya hatalı, üretiliyor... (62. eksik)
[DENETİM] Şanlıurfa - Akarsular eksik veya hatalı, üretiliyor... (63. eksik)
[DENETİM] Uşak - Akarsular eksik veya hatalı, üretiliyor... (64. eksik)
[DENETİM] Van - Akarsular eksik veya hatalı, üretiliyor... (65. eksik)
[DENETİM] Yozgat - Akarsular eksik veya hatalı, üretiliyor... (66. eksik)

🔄 Kota doldu, 3. anahtara geçiliyor...

⚠️ Hata alındı ([GoogleGenerativeAI Error]: Error fetching from ht...), yeni anahtarla tekrar deneniyor...
[DENETİM] Zonguldak - Akarsular eksik veya hatalı, üretiliyor... (67. eksik)
[DENETİM] Aksaray - Akarsular eksik veya hatalı, üretiliyor... (68. eksik)
[DENETİM] Bayburt - Akarsular eksik veya hatalı, üretiliyor... (69. eksik)
[DENETİM] Karaman - Akarsular eksik veya hatalı, üretiliyor... (70. eksik)
[DENETİM] Kırıkkale - Akarsular eksik veya hatalı, üretiliyor... (71. eksik)

🚫 Tüm anahtarların kotası dolmuş olabilir. 60 saniye bekleniyor...

🔄 Kota doldu, 1. anahtara geçiliyor...
[DENETİM] Batman - Akarsular eksik veya hatalı, üretiliyor... (72. eksik)
[DENETİM] Şırnak - Akarsular eksik veya hatalı, üretiliyor... (73. eksik)
[DENETİM] Bartın - Akarsular eksik veya hatalı, üretiliyor... (74. eksik)
[DENETİM] Ardahan - Akarsular eksik veya hatalı, üretiliyor... (75. eksik)
[DENETİM] Iğdır - Akarsular eksik veya hatalı, üretiliyor... (76. eksik)
[DENETİM] Yalova - Akarsular eksik veya hatalı, üretiliyor... (77. eksik)
[DENETİM] Karabük - Akarsular eksik veya hatalı, üretiliyor... (78. eksik)
[DENETİM] Kilis - Akarsular eksik veya hatalı, üretiliyor... (79. eksik)
[DENETİM] Osmaniye - Akarsular eksik veya hatalı, üretiliyor... (80. eksik)
[DENETİM] Düzce - Akarsular eksik veya hatalı, üretiliyor... (81. eksik)

🔄 Kota doldu, 2. anahtara geçiliyor...

⚠️ Hata alındı ([GoogleGenerativeAI Error]: Error fetching from ht...), yeni anahtarla tekrar deneniyor...

🔄 "Akarsular" için 81 il işlendi. Son bir kontrol yapılıyor...


✅ TEBRİKLER! "Akarsular" konusu için 81 ilin tamamı başarıyla doğrulandı. Bir sonraki konuya geçiliyor...

[DENETİM] Adana - Kıyı Tipleri ve Denizler eksik veya hatalı, üretiliyor... (1. eksik)
[DENETİM] Adıyaman - Kıyı Tipleri ve Denizler eksik veya hatalı, üretiliyor... (2. eksik)

🔄 Kota doldu, 3. anahtara geçiliyor...

⚠️ Hata alındı ([GoogleGenerativeAI Error]: Error fetching from ht...), yeni anahtarla tekrar deneniyor...
[DENETİM] Afyonkarahisar - Kıyı Tipleri ve Denizler eksik veya hatalı, üretiliyor... (3. eksik)
[DENETİM] Ağrı - Kıyı Tipleri ve Denizler eksik veya hatalı, üretiliyor... (4. eksik)
[DENETİM] Amasya - Kıyı Tipleri ve Denizler eksik veya hatalı, üretiliyor... (5. eksik)
[DENETİM] Ankara - Kıyı Tipleri ve Denizler eksik veya hatalı, üretiliyor... (6. eksik)
[DENETİM] Antalya - Kıyı Tipleri ve Denizler eksik veya hatalı, üretiliyor... (7. eksik)
[DENETİM] Artvin - Kıyı Tipleri ve Denizler eksik veya hatalı, üretiliyor... (8. eksik)

🚫 Tüm anahtarların kotası dolmuş olabilir. 60 saniye bekleniyor...

🔄 Kota doldu, 1. anahtara geçiliyor...
[DENETİM] Aydın - Kıyı Tipleri ve Denizler eksik veya hatalı, üretiliyor... (9. eksik)
[DENETİM] Balıkesir - Kıyı Tipleri ve Denizler eksik veya hatalı, üretiliyor... (10. eksik)
[DENETİM] Bilecik - Kıyı Tipleri ve Denizler eksik veya hatalı, üretiliyor... (11. eksik)
[DENETİM] Bingöl - Kıyı Tipleri ve Denizler eksik veya hatalı, üretiliyor... (12. eksik)
[DENETİM] Bitlis - Kıyı Tipleri ve Denizler eksik veya hatalı, üretiliyor... (13. eksik)
[DENETİM] Bolu - Kıyı Tipleri ve Denizler eksik veya hatalı, üretiliyor... (14. eksik)
[DENETİM] Burdur - Kıyı Tipleri ve Denizler eksik veya hatalı, üretiliyor... (15. eksik)

🔄 Kota doldu, 2. anahtara geçiliyor...

⚠️ Hata alındı ([GoogleGenerativeAI Error]: Error fetching from ht...), yeni anahtarla tekrar deneniyor...
[DENETİM] Bursa - Kıyı Tipleri ve Denizler eksik veya hatalı, üretiliyor... (16. eksik)
[DENETİM] Çanakkale - Kıyı Tipleri ve Denizler eksik veya hatalı, üretiliyor... (17. eksik)
[DENETİM] Çankırı - Kıyı Tipleri ve Denizler eksik veya hatalı, üretiliyor... (18. eksik)
[DENETİM] Çorum - Kıyı Tipleri ve Denizler eksik veya hatalı, üretiliyor... (19. eksik)
[DENETİM] Denizli - Kıyı Tipleri ve Denizler eksik veya hatalı, üretiliyor... (20. eksik)
[DENETİM] Diyarbakır - Kıyı Tipleri ve Denizler eksik veya hatalı, üretiliyor... (21. eksik)
[DENETİM] Edirne - Kıyı Tipleri ve Denizler eksik veya hatalı, üretiliyor... (22. eksik)
[DENETİM] Elazığ - Kıyı Tipleri ve Denizler eksik veya hatalı, üretiliyor... (23. eksik)
[DENETİM] Erzincan - Kıyı Tipleri ve Denizler eksik veya hatalı, üretiliyor... (24. eksik)
[DENETİM] Erzurum - Kıyı Tipleri ve Denizler eksik veya hatalı, üretiliyor... (25. eksik)

🔄 Kota doldu, 3. anahtara geçiliyor...

⚠️ Hata alındı ([GoogleGenerativeAI Error]: Error fetching from ht...), yeni anahtarla tekrar deneniyor...
[DENETİM] Eskişehir - Kıyı Tipleri ve Denizler eksik veya hatalı, üretiliyor... (26. eksik)
[DENETİM] Gaziantep - Kıyı Tipleri ve Denizler eksik veya hatalı, üretiliyor... (27. eksik)
[DENETİM] Giresun - Kıyı Tipleri ve Denizler eksik veya hatalı, üretiliyor... (28. eksik)
[DENETİM] Gümüşhane - Kıyı Tipleri ve Denizler eksik veya hatalı, üretiliyor... (29. eksik)
[DENETİM] Hakkari - Kıyı Tipleri ve Denizler eksik veya hatalı, üretiliyor... (30. eksik)
[DENETİM] Hatay - Kıyı Tipleri ve Denizler eksik veya hatalı, üretiliyor... (31. eksik)
[DENETİM] Isparta - Kıyı Tipleri ve Denizler eksik veya hatalı, üretiliyor... (32. eksik)
[DENETİM] Mersin - Kıyı Tipleri ve Denizler eksik veya hatalı, üretiliyor... (33. eksik)
[DENETİM] İstanbul - Kıyı Tipleri ve Denizler eksik veya hatalı, üretiliyor... (34. eksik)

🚫 Tüm anahtarların kotası dolmuş olabilir. 60 saniye bekleniyor...

🔄 Kota doldu, 1. anahtara geçiliyor...
[DENETİM] İzmir - Kıyı Tipleri ve Denizler eksik veya hatalı, üretiliyor... (35. eksik)

🔄 Kota doldu, 2. anahtara geçiliyor...

⚠️ Hata alındı ([GoogleGenerativeAI Error]: Error fetching from ht...), yeni anahtarla tekrar deneniyor...
[DENETİM] Kars - Kıyı Tipleri ve Denizler eksik veya hatalı, üretiliyor... (36. eksik)
[DENETİM] Kastamonu - Kıyı Tipleri ve Denizler eksik veya hatalı, üretiliyor... (37. eksik)

🔄 Kota doldu, 3. anahtara geçiliyor...

⚠️ Hata alındı ([GoogleGenerativeAI Error]: Error fetching from ht...), yeni anahtarla tekrar deneniyor...

🚫 Tüm anahtarların kotası dolmuş olabilir. 60 saniye bekleniyor...

🔄 Kota doldu, 1. anahtara geçiliyor...
[DENETİM] Kayseri - Kıyı Tipleri ve Denizler eksik veya hatalı, üretiliyor... (38. eksik)
[DENETİM] Kırklareli - Kıyı Tipleri ve Denizler eksik veya hatalı, üretiliyor... (39. eksik)
[DENETİM] Kırşehir - Kıyı Tipleri ve Denizler eksik veya hatalı, üretiliyor... (40. eksik)
[DENETİM] Kocaeli - Kıyı Tipleri ve Denizler eksik veya hatalı, üretiliyor... (41. eksik)

🔄 Kota doldu, 2. anahtara geçiliyor...

⚠️ Hata alındı ([GoogleGenerativeAI Error]: Error fetching from ht...), yeni anahtarla tekrar deneniyor...
[DENETİM] Konya - Kıyı Tipleri ve Denizler eksik veya hatalı, üretiliyor... (42. eksik)

🔄 Kota doldu, 3. anahtara geçiliyor...

⚠️ Hata alındı ([GoogleGenerativeAI Error]: Error fetching from ht...), yeni anahtarla tekrar deneniyor...
[DENETİM] Kütahya - Kıyı Tipleri ve Denizler eksik veya hatalı, üretiliyor... (43. eksik)

🚫 Tüm anahtarların kotası dolmuş olabilir. 60 saniye bekleniyor...

🔄 Kota doldu, 1. anahtara geçiliyor...
[DENETİM] Malatya - Kıyı Tipleri ve Denizler eksik veya hatalı, üretiliyor... (44. eksik)
[DENETİM] Manisa - Kıyı Tipleri ve Denizler eksik veya hatalı, üretiliyor... (45. eksik)

🔄 Kota doldu, 2. anahtara geçiliyor...

⚠️ Hata alındı ([GoogleGenerativeAI Error]: Error fetching from ht...), yeni anahtarla tekrar deneniyor...
[DENETİM] Kahramanmaraş - Kıyı Tipleri ve Denizler eksik veya hatalı, üretiliyor... (46. eksik)
[DENETİM] Mardin - Kıyı Tipleri ve Denizler eksik veya hatalı, üretiliyor... (47. eksik)
[DENETİM] Muğla - Kıyı Tipleri ve Denizler eksik veya hatalı, üretiliyor... (48. eksik)
[DENETİM] Muş - Kıyı Tipleri ve Denizler eksik veya hatalı, üretiliyor... (49. eksik)
[DENETİM] Nevşehir - Kıyı Tipleri ve Denizler eksik veya hatalı, üretiliyor... (50. eksik)
[DENETİM] Niğde - Kıyı Tipleri ve Denizler eksik veya hatalı, üretiliyor... (51. eksik)
[DENETİM] Ordu - Kıyı Tipleri ve Denizler eksik veya hatalı, üretiliyor... (52. eksik)
[DENETİM] Rize - Kıyı Tipleri ve Denizler eksik veya hatalı, üretiliyor... (53. eksik)

🔄 Kota doldu, 3. anahtara geçiliyor...

⚠️ Hata alındı ([GoogleGenerativeAI Error]: Error fetching from ht...), yeni anahtarla tekrar deneniyor...
[DENETİM] Sakarya - Kıyı Tipleri ve Denizler eksik veya hatalı, üretiliyor... (54. eksik)
[DENETİM] Samsun - Kıyı Tipleri ve Denizler eksik veya hatalı, üretiliyor... (55. eksik)
[DENETİM] Siirt - Kıyı Tipleri ve Denizler eksik veya hatalı, üretiliyor... (56. eksik)
[DENETİM] Sinop - Kıyı Tipleri ve Denizler eksik veya hatalı, üretiliyor... (57. eksik)
[DENETİM] Sivas - Kıyı Tipleri ve Denizler eksik veya hatalı, üretiliyor... (58. eksik)

🚫 Tüm anahtarların kotası dolmuş olabilir. 60 saniye bekleniyor...

🔄 Kota doldu, 1. anahtara geçiliyor...
[DENETİM] Tekirdağ - Kıyı Tipleri ve Denizler eksik veya hatalı, üretiliyor... (59. eksik)
[DENETİM] Tokat - Kıyı Tipleri ve Denizler eksik veya hatalı, üretiliyor... (60. eksik)
[DENETİM] Trabzon - Kıyı Tipleri ve Denizler eksik veya hatalı, üretiliyor... (61. eksik)
[DENETİM] Tunceli - Kıyı Tipleri ve Denizler eksik veya hatalı, üretiliyor... (62. eksik)
[DENETİM] Şanlıurfa - Kıyı Tipleri ve Denizler eksik veya hatalı, üretiliyor... (63. eksik)
[DENETİM] Uşak - Kıyı Tipleri ve Denizler eksik veya hatalı, üretiliyor... (64. eksik)
[DENETİM] Van - Kıyı Tipleri ve Denizler eksik veya hatalı, üretiliyor... (65. eksik)
[DENETİM] Yozgat - Kıyı Tipleri ve Denizler eksik veya hatalı, üretiliyor... (66. eksik)
[DENETİM] Zonguldak - Kıyı Tipleri ve Denizler eksik veya hatalı, üretiliyor... (67. eksik)
[DENETİM] Aksaray - Kıyı Tipleri ve Denizler eksik veya hatalı, üretiliyor... (68. eksik)
[DENETİM] Bayburt - Kıyı Tipleri ve Denizler eksik veya hatalı, üretiliyor... (69. eksik)
[DENETİM] Karaman - Kıyı Tipleri ve Denizler eksik veya hatalı, üretiliyor... (70. eksik)
[DENETİM] Kırıkkale - Kıyı Tipleri ve Denizler eksik veya hatalı, üretiliyor... (71. eksik)
[DENETİM] Batman - Kıyı Tipleri ve Denizler eksik veya hatalı, üretiliyor... (72. eksik)
[DENETİM] Şırnak - Kıyı Tipleri ve Denizler eksik veya hatalı, üretiliyor... (73. eksik)
[DENETİM] Bartın - Kıyı Tipleri ve Denizler eksik veya hatalı, üretiliyor... (74. eksik)
[DENETİM] Ardahan - Kıyı Tipleri ve Denizler eksik veya hatalı, üretiliyor... (75. eksik)
[DENETİM] Iğdır - Kıyı Tipleri ve Denizler eksik veya hatalı, üretiliyor... (76. eksik)
[DENETİM] Yalova - Kıyı Tipleri ve Denizler eksik veya hatalı, üretiliyor... (77. eksik)
[DENETİM] Karabük - Kıyı Tipleri ve Denizler eksik veya hatalı, üretiliyor... (78. eksik)
[DENETİM] Kilis - Kıyı Tipleri ve Denizler eksik veya hatalı, üretiliyor... (79. eksik)
[DENETİM] Osmaniye - Kıyı Tipleri ve Denizler eksik veya hatalı, üretiliyor... (80. eksik)
[DENETİM] Düzce - Kıyı Tipleri ve Denizler eksik veya hatalı, üretiliyor... (81. eksik)

🔄 "Kıyı Tipleri ve Denizler" için 81 il işlendi. Son bir kontrol yapılıyor...


✅ TEBRİKLER! "Kıyı Tipleri ve Denizler" konusu için 81 ilin tamamı başarıyla doğrulandı. Bir sonraki konuya geçiliyor...


🏁 TÜM PROJE TAMAMLANDI! 81 il ve tüm konular akademik standartlarda üretildi.
